[www.ihelpcs.com/index.html]
[www.ihelpcs.com/t.0.delayed]
[www.ihelpcs.com/o.1.delayed]
[backblue.gif]
[fade.gif]
[index.html]
[www.ihelpcs.com/blog-feed.xml]
[www.ihelpcs.com/contact_us.html]
[www.ihelpcs.com/our-services.html]
[www.ihelpcs.com/copy-of-film-to-digital-dvd.html]
[www.ihelpcs.com/copy-of-film-to-digital.html]
[www.ihelpcs.com/about.html]
[www.ihelpcs.com/testimonials.html]
[www.ihelpcs.com/blog.html]
[www.ihelpcs.com/window.location.a.delayed]
[www.ihelpcs.com/robots.txt]
[www.ihelpcs.com/sitemap.xml]
[www.ihelpcs.com/feed.d.delayed]
[www.ihelpcs.com/decodeURIComponent(e.e.delayed]
[www.ihelpcs.com/index.html]
[www.ihelpcs.com/t.html]
[www.ihelpcs.com/o.html]
[www.ihelpcs.com/contact_us.html]
[www.ihelpcs.com/our-services.html]
[www.ihelpcs.com/copy-of-film-to-digital-dvd.html]
[www.ihelpcs.com/copy-of-film-to-digital.html]
[www.ihelpcs.com/about.html]
[www.ihelpcs.com/testimonials.html]
[www.ihelpcs.com/copy-of-film-to-digital-1.html]
[www.ihelpcs.com/post/practical-tips-to-help-avoid-online-scams.html]
[www.ihelpcs.com/blog.html]
[www.ihelpcs.com/window.location.html]
[www.ihelpcs.com/profile/tim/profile.html]
[www.ihelpcs.com/api.12.delayed]
[www.ihelpcs.com/api/index.html]
[www.ihelpcs.com/envelope.13.delayed]
[www.ihelpcs.com/envelope/index.html]
[www.ihelpcs.com/decodeURIComponent(e.html]
[www.ihelpcs.com/copy-of-film-to-digital-1.html]
[www.ihelpcs.com/post/t.14.delayed]
[www.ihelpcs.com/post/o.15.delayed]
[www.ihelpcs.com/post/window.location.16.delayed]
[www.ihelpcs.com/post/robots.17.delayed]
[www.ihelpcs.com/post/sitemap.18.delayed]
[www.ihelpcs.com/post/feed.19.delayed]
[www.ihelpcs.com/post/decodeURIComponent(e.1a.delayed]
[www.ihelpcs.com/post/practical-tips-to-help-avoid-online-scams.html]
[www.ihelpcs.com/profile/tim/t.html]
[www.ihelpcs.com/profile/tim/o.html]
[www.ihelpcs.com/profile/tim/window.location.html]
[www.ihelpcs.com/profile/tim/robots.html]
[www.ihelpcs.com/profile/tim/sitemap.1f.delayed]
[www.ihelpcs.com/profile/tim/feed.20.delayed]
[www.ihelpcs.com/profile/tim/profile.html]
[www.ihelpcs.com/api.html]
[www.ihelpcs.com/envelope.html]
[www.ihelpcs.com/post/t.html]
[www.ihelpcs.com/post/o.html]
[www.ihelpcs.com/post/window.location.html]
[www.ihelpcs.com/post/decodeURIComponent(e.html]
[www.ihelpcs.com/profile/tim/t.html]
[www.ihelpcs.com/profile/tim/o.html]
[www.ihelpcs.com/profile/tim/window.location.html]
[www.ihelpcs.com/profile/tim/decodeURIComponent(e.html]
[www.ihelpcs.com/profile/tim/decodeURIComponent(e.html]
[www.ihelpcs.com/robots.txt]
[www.ihelpcs.com/feed.html]
[www.ihelpcs.com/post/robots.html]
[www.ihelpcs.com/post/sitemap.html]
[www.ihelpcs.com/post/feed.html]
[www.ihelpcs.com/profile/tim/robots.html]
[www.ihelpcs.com/profile/tim/sitemap.html]
[www.ihelpcs.com/profile/tim/feed.html]
[www.ihelpcs.com/contact_us.html]
